Looking in links: /workspace/scratch/6c2ef8b5a46e/cloud-asr-dependency-probe/artifacts
Processing ./cloud-asr-dependency-probe/artifacts/build-1.6.1-py3-none-any.whl (from -r /workspace/scratch/6c2ef8b5a46e/cloud-asr-dependency-probe/build-requirements.txt (line 1))
Processing ./cloud-asr-dependency-probe/artifacts/packaging-26.3-py3-none-any.whl (from -r /workspace/scratch/6c2ef8b5a46e/cloud-asr-dependency-probe/build-requirements.txt (line 2))
Processing ./cloud-asr-dependency-probe/artifacts/pyproject_hooks-1.3.3-py3-none-any.whl (from -r /workspace/scratch/6c2ef8b5a46e/cloud-asr-dependency-probe/build-requirements.txt (line 3))
Processing ./cloud-asr-dependency-probe/artifacts/setuptools-81.0.0-py3-none-any.whl (from -r /workspace/scratch/6c2ef8b5a46e/cloud-asr-dependency-probe/build-requirements.txt (line 4))
Processing ./cloud-asr-dependency-probe/artifacts/wheel-0.48.0-py3-none-any.whl (from -r /workspace/scratch/6c2ef8b5a46e/cloud-asr-dependency-probe/build-requirements.txt (line 5))
Installing collected packages: setuptools, pyproject-hooks, packaging, wheel, build
Successfully installed build-1.6.1 packaging-26.3 pyproject-hooks-1.3.3 setuptools-81.0.0 wheel-0.48.0
Processing ./cloud-asr-dependency-probe/source-build-work/sources/antlr4-python3-runtime-4.9.3
  Preparing metadata (setup.py): started
  Preparing metadata (setup.py): finished with status 'done'
Building wheels for collected packages: antlr4-python3-runtime
  Building wheel for antlr4-python3-runtime (setup.py): started
  Building wheel for antlr4-python3-runtime (setup.py): finished with status 'done'
  Created wheel for antlr4-python3-runtime: filename=antlr4_python3_runtime-4.9.3-py3-none-any.whl size=144590 sha256=a18867eb75b1ca28b5a87349c2a17a87b8383eecfa5766ae760895e918722b4f
  Stored in directory: /workspace/scratch/6c2ef8b5a46e/cloud-asr-dependency-probe/tmp/pip-ephem-wheel-cache-suaseyzl/wheels/00/a8/8e/113f030b2d574e17a4d2a669c3d684622468b817f79ba1a457
Successfully built antlr4-python3-runtime
Processing ./cloud-asr-dependency-probe/source-build-work/sources/crcmod-1.7
  Preparing metadata (setup.py): started
  Preparing metadata (setup.py): finished with status 'done'
Building wheels for collected packages: crcmod
  Building wheel for crcmod (setup.py): started
  Building wheel for crcmod (setup.py): finished with status 'done'
  Created wheel for crcmod: filename=crcmod-1.7-cp312-cp312-linux_x86_64.whl size=31370 sha256=00dc8db76084a7c47f55226bedcb4a0a7d2f20dc88e2f0ad0fbae5f71b131b07
  Stored in directory: /workspace/scratch/6c2ef8b5a46e/cloud-asr-dependency-probe/tmp/pip-ephem-wheel-cache-aobg557h/wheels/25/c6/72/e223ce14e50dbd4bbc92587aa53b5d3f9bcc70fb082d484a67
Successfully built crcmod
Processing ./cloud-asr-dependency-probe/source-build-work/sources/jieba-0.42.1
  Preparing metadata (setup.py): started
  Preparing metadata (setup.py): finished with status 'done'
Building wheels for collected packages: jieba
  Building wheel for jieba (setup.py): started
  Building wheel for jieba (setup.py): finished with status 'done'
  Created wheel for jieba: filename=jieba-0.42.1-py3-none-any.whl size=19314508 sha256=055ba5dd6ef09a48aff29161594d1f2014695a509f96a7da95171f76ccd5624d
  Stored in directory: /workspace/scratch/6c2ef8b5a46e/cloud-asr-dependency-probe/tmp/pip-ephem-wheel-cache-10mdlg7s/wheels/99/23/ba/291470b39f490e7a5021d84bb2a7e065d164a687b6e5dd4500
Successfully built jieba
Processing ./cloud-asr-dependency-probe/source-build-work/sources/oss2-2.19.1
  Preparing metadata (setup.py): started
  Preparing metadata (setup.py): finished with status 'done'
Building wheels for collected packages: oss2
  Building wheel for oss2 (setup.py): started
  Building wheel for oss2 (setup.py): finished with status 'done'
  Created wheel for oss2: filename=oss2-2.19.1-py3-none-any.whl size=124034 sha256=10849f650daa51921eeb4773bf729579477bff6899d37c05bf82e175972219b3
  Stored in directory: /workspace/scratch/6c2ef8b5a46e/cloud-asr-dependency-probe/tmp/pip-ephem-wheel-cache-bgfqufcl/wheels/b8/61/5c/be25cfdb52d58532c6c9aef309c80e1bf92a927d571467e6c1
Successfully built oss2
Processing ./cloud-asr-dependency-probe/source-build-work/sources/sox-1.5.0
  Preparing metadata (setup.py): started
  Preparing metadata (setup.py): finished with status 'done'
Building wheels for collected packages: sox
  Building wheel for sox (setup.py): started
  Building wheel for sox (setup.py): finished with status 'done'
  Created wheel for sox: filename=sox-1.5.0-py3-none-any.whl size=40127 sha256=e5db75f5dabd86d416ce63b30656087ee80e4856ca3bbe1e98568d734fd1115b
  Stored in directory: /workspace/scratch/6c2ef8b5a46e/cloud-asr-dependency-probe/tmp/pip-ephem-wheel-cache-1gz6xef2/wheels/65/81/b8/c6449791267b81f2682965abb8f384c42c37bfa4746e3ce70f
Successfully built sox
Looking in links: /workspace/scratch/6c2ef8b5a46e/cloud-asr-dependency-probe/artifacts
Processing ./cloud-asr-dependency-probe/artifacts/build-1.6.1-py3-none-any.whl (from -r /workspace/scratch/6c2ef8b5a46e/cloud-asr-dependency-probe/build-requirements.txt (line 1))
Processing ./cloud-asr-dependency-probe/artifacts/packaging-26.3-py3-none-any.whl (from -r /workspace/scratch/6c2ef8b5a46e/cloud-asr-dependency-probe/build-requirements.txt (line 2))
Processing ./cloud-asr-dependency-probe/artifacts/pyproject_hooks-1.3.3-py3-none-any.whl (from -r /workspace/scratch/6c2ef8b5a46e/cloud-asr-dependency-probe/build-requirements.txt (line 3))
Processing ./cloud-asr-dependency-probe/artifacts/setuptools-81.0.0-py3-none-any.whl (from -r /workspace/scratch/6c2ef8b5a46e/cloud-asr-dependency-probe/build-requirements.txt (line 4))
Processing ./cloud-asr-dependency-probe/artifacts/wheel-0.48.0-py3-none-any.whl (from -r /workspace/scratch/6c2ef8b5a46e/cloud-asr-dependency-probe/build-requirements.txt (line 5))
Installing collected packages: setuptools, pyproject-hooks, packaging, wheel, build
Successfully installed build-1.6.1 packaging-26.3 pyproject-hooks-1.3.3 setuptools-81.0.0 wheel-0.48.0
Processing ./cloud-asr-dependency-probe/source-build-work/sources/antlr4-python3-runtime-4.9.3
  Preparing metadata (setup.py): started
  Preparing metadata (setup.py): finished with status 'done'
Building wheels for collected packages: antlr4-python3-runtime
  Building wheel for antlr4-python3-runtime (setup.py): started
  Building wheel for antlr4-python3-runtime (setup.py): finished with status 'done'
  Created wheel for antlr4-python3-runtime: filename=antlr4_python3_runtime-4.9.3-py3-none-any.whl size=144590 sha256=a18867eb75b1ca28b5a87349c2a17a87b8383eecfa5766ae760895e918722b4f
  Stored in directory: /workspace/scratch/6c2ef8b5a46e/cloud-asr-dependency-probe/tmp/pip-ephem-wheel-cache-kd0hnryb/wheels/00/a8/8e/113f030b2d574e17a4d2a669c3d684622468b817f79ba1a457
Successfully built antlr4-python3-runtime
Processing ./cloud-asr-dependency-probe/source-build-work/sources/crcmod-1.7
  Preparing metadata (setup.py): started
  Preparing metadata (setup.py): finished with status 'done'
Building wheels for collected packages: crcmod
  Building wheel for crcmod (setup.py): started
  Building wheel for crcmod (setup.py): finished with status 'done'
  Created wheel for crcmod: filename=crcmod-1.7-cp312-cp312-linux_x86_64.whl size=31370 sha256=00dc8db76084a7c47f55226bedcb4a0a7d2f20dc88e2f0ad0fbae5f71b131b07
  Stored in directory: /workspace/scratch/6c2ef8b5a46e/cloud-asr-dependency-probe/tmp/pip-ephem-wheel-cache-97hj6b34/wheels/25/c6/72/e223ce14e50dbd4bbc92587aa53b5d3f9bcc70fb082d484a67
Successfully built crcmod
Processing ./cloud-asr-dependency-probe/source-build-work/sources/jieba-0.42.1
  Preparing metadata (setup.py): started
  Preparing metadata (setup.py): finished with status 'done'
Building wheels for collected packages: jieba
  Building wheel for jieba (setup.py): started
  Building wheel for jieba (setup.py): finished with status 'done'
  Created wheel for jieba: filename=jieba-0.42.1-py3-none-any.whl size=19314508 sha256=055ba5dd6ef09a48aff29161594d1f2014695a509f96a7da95171f76ccd5624d
  Stored in directory: /workspace/scratch/6c2ef8b5a46e/cloud-asr-dependency-probe/tmp/pip-ephem-wheel-cache-6oxgu_fb/wheels/99/23/ba/291470b39f490e7a5021d84bb2a7e065d164a687b6e5dd4500
Successfully built jieba
Processing ./cloud-asr-dependency-probe/source-build-work/sources/oss2-2.19.1
  Preparing metadata (setup.py): started
  Preparing metadata (setup.py): finished with status 'done'
Building wheels for collected packages: oss2
  Building wheel for oss2 (setup.py): started
  Building wheel for oss2 (setup.py): finished with status 'done'
  Created wheel for oss2: filename=oss2-2.19.1-py3-none-any.whl size=124034 sha256=10849f650daa51921eeb4773bf729579477bff6899d37c05bf82e175972219b3
  Stored in directory: /workspace/scratch/6c2ef8b5a46e/cloud-asr-dependency-probe/tmp/pip-ephem-wheel-cache-mxa8ye_s/wheels/b8/61/5c/be25cfdb52d58532c6c9aef309c80e1bf92a927d571467e6c1
Successfully built oss2
Processing ./cloud-asr-dependency-probe/source-build-work/sources/sox-1.5.0
  Preparing metadata (setup.py): started
  Preparing metadata (setup.py): finished with status 'done'
Building wheels for collected packages: sox
  Building wheel for sox (setup.py): started
  Building wheel for sox (setup.py): finished with status 'done'
  Created wheel for sox: filename=sox-1.5.0-py3-none-any.whl size=40127 sha256=e5db75f5dabd86d416ce63b30656087ee80e4856ca3bbe1e98568d734fd1115b
  Stored in directory: /workspace/scratch/6c2ef8b5a46e/cloud-asr-dependency-probe/tmp/pip-ephem-wheel-cache-2pw7dk96/wheels/65/81/b8/c6449791267b81f2682965abb8f384c42c37bfa4746e3ce70f
Successfully built sox
{"source_wheels": 5, "byte_identical": true, "runtime_packages": 140}
