{
  "before": {
    "io": {
      "rchar": 24887931,
      "wchar": 0,
      "syscr": 607,
      "syscw": 0,
      "read_bytes": 0,
      "write_bytes": 0,
      "cancelled_write_bytes": 0
    },
    "status": {
      "VmSize": "191696 kB",
      "VmHWM": "88840 kB",
      "VmRSS": "88840 kB",
      "Threads": "1"
    },
    "user_cpu_s": 2.443919,
    "system_cpu_s": 0.028686999999999997,
    "max_rss_kib": 88800,
    "minor_faults": 17120,
    "major_faults": 0
  },
  "after": {
    "io": {
      "rchar": 24896639,
      "wchar": 0,
      "syscr": 635,
      "syscw": 0,
      "read_bytes": 0,
      "write_bytes": 0,
      "cancelled_write_bytes": 0
    },
    "status": {
      "VmSize": "192720 kB",
      "VmHWM": "89152 kB",
      "VmRSS": "89152 kB",
      "Threads": "1"
    },
    "user_cpu_s": 7.243788,
    "system_cpu_s": 0.028696,
    "max_rss_kib": 89056,
    "minor_faults": 17198,
    "major_faults": 0
  },
  "delta": {
    "io": {
      "rchar": 8708,
      "wchar": 0,
      "syscr": 28,
      "syscw": 0,
      "read_bytes": 0,
      "write_bytes": 0,
      "cancelled_write_bytes": 0
    },
    "minor_faults": 78,
    "major_faults": 0,
    "user_cpu_s": 4.799869,
    "system_cpu_s": 9.000000000002062e-06
  },
  "audio_s": 235.68,
  "cpu_s": 4.796082998999999,
  "wall_s": 4.796236634001616,
  "cpu_rtf": 0.020349978780549893,
  "wall_rtf": 0.0203506306602241,
  "feed_plus_ready_decode": {
    "count": 11784,
    "p50_ms": 0.029905,
    "p95_ms": 5.052559850000003,
    "p99_ms": 7.811524610000001,
    "max_ms": 16.104576
  },
  "feeds_with_decode": {
    "count": 633,
    "p50_ms": 6.68128,
    "p95_ms": 9.0030682,
    "p99_ms": 10.950618199999996,
    "max_ms": 16.104576
  },
  "feeds_without_decode": {
    "count": 11151,
    "p50_ms": 0.029854,
    "p95_ms": 0.071211,
    "p99_ms": 0.1163985,
    "max_ms": 1.929726
  }
}
model_load {"wall_s": 0.6867448949997197, "cpu_s": 0.686301206, "before": {"io": {"rchar": 14319250, "wchar": 0, "syscr": 559, "syscw": 0, "read_bytes": 0, "write_bytes": 0, "cancelled_write_bytes": 0}, "status": {"VmSize": "156424 kB", "VmHWM": "50336 kB", "VmRSS": "46308 kB", "Threads": "1"}, "user_cpu_s": 0.085094, "system_cpu_s": 0.010457, "max_rss_kib": 50336, "minor_faults": 9037, "major_faults": 0}, "after": {"io": {"rchar": 24884201, "wchar": 0, "syscr": 595, "syscw": 0, "read_bytes": 0, "write_bytes": 0, "cancelled_write_bytes": 0}, "status": {"VmSize": "183388 kB", "VmHWM": "83552 kB", "VmRSS": "83552 kB", "Threads": "1"}, "user_cpu_s": 0.7574679999999999, "system_cpu_s": 0.024645, "max_rss_kib": 83380, "minor_faults": 15933, "major_faults": 0}, "delta": {"io": {"rchar": 10564951, "wchar": 0, "syscr": 36, "syscw": 0, "read_bytes": 0, "write_bytes": 0, "cancelled_write_bytes": 0}, "minor_faults": 6896, "major_faults": 0, "user_cpu_s": 0.6723739999999999, "system_cpu_s": 0.014188000000000001}}
assets 5737545
