{
  "preflight_sha256": "a1f68618a930b90d0eaab3297785bf56827e1fdc92a0bd1a3762cb685cbd6724",
  "audio_seconds": 235.68,
  "pipeline_cpu_seconds": 5.758814368,
  "pipeline_cpu_RTF": 0.024434887847929396,
  "peak_RSS_bytes": 273309696,
  "pcm_C_state_bytes": 62264,
  "model_C_ctypes_mirror_bytes": 22544,
  "parameter_payload_bytes": 3027732,
  "declared_df_step_scratch_float_bytes": 4624,
  "scope": "Python+Torch+ctypes process on x86; numerical candidate failed; no SSC305 extrapolation; no all-C pipeline claim",
  "measurement_notes": [
    "frontend_splice_inclusive already includes callback_copy; never add both",
    "pass I/O includes validation, CMVN microcalls and observers, not only timed pipeline",
    "warmup is only first3 raw recordings in receipt order",
    "whole includes feature/logit retention copies and Python timing-record allocations",
    "Torch intra/inter-op and OMP/MKL/OPENBLAS fixed1; sampled Threads does not prove unsampled peak",
    "ctypes and timer boundary overhead remains in component calls"
  ],
  "host_CPU": "AMD EPYC 9V74 80-Core Processor",
  "old_B_still_failed": true,
  "PCM_logit_gate_still_failed": true
}
