{
  "before": {
    "io": {
      "rchar": 46990225,
      "wchar": 0,
      "syscr": 609,
      "syscw": 0,
      "read_bytes": 0,
      "write_bytes": 0,
      "cancelled_write_bytes": 0
    },
    "status": {
      "VmSize": "196364 kB",
      "VmHWM": "91188 kB",
      "VmRSS": "91188 kB",
      "Threads": "1"
    },
    "user_cpu_s": 2.539573,
    "system_cpu_s": 0.157339,
    "max_rss_kib": 91104,
    "minor_faults": 20005,
    "major_faults": 0
  },
  "after": {
    "io": {
      "rchar": 46998912,
      "wchar": 0,
      "syscr": 637,
      "syscw": 0,
      "read_bytes": 0,
      "write_bytes": 0,
      "cancelled_write_bytes": 0
    },
    "status": {
      "VmSize": "197388 kB",
      "VmHWM": "91516 kB",
      "VmRSS": "91516 kB",
      "Threads": "1"
    },
    "user_cpu_s": 7.98701,
    "system_cpu_s": 0.168284,
    "max_rss_kib": 91360,
    "minor_faults": 20087,
    "major_faults": 0
  },
  "delta": {
    "io": {
      "rchar": 8687,
      "wchar": 0,
      "syscr": 28,
      "syscw": 0,
      "read_bytes": 0,
      "write_bytes": 0,
      "cancelled_write_bytes": 0
    },
    "minor_faults": 82,
    "major_faults": 0,
    "user_cpu_s": 5.447437,
    "system_cpu_s": 0.010944999999999983
  },
  "audio_s": 235.68,
  "cpu_s": 5.454116288,
  "wall_s": 5.457725776001098,
  "cpu_rtf": 0.023142041276306854,
  "wall_rtf": 0.023157356483371937,
  "feed_plus_ready_decode": {
    "count": 11784,
    "p50_ms": 0.030515,
    "p95_ms": 6.433075650000004,
    "p99_ms": 8.965548420000001,
    "max_ms": 19.4996
  },
  "feeds_with_decode": {
    "count": 633,
    "p50_ms": 7.422884,
    "p95_ms": 10.192676,
    "p99_ms": 12.362001879999967,
    "max_ms": 19.4996
  },
  "feeds_without_decode": {
    "count": 11151,
    "p50_ms": 0.030366,
    "p95_ms": 0.074266,
    "p99_ms": 0.1124775,
    "max_ms": 1.829777
  }
}
model_load {"wall_s": 0.712434191000284, "cpu_s": 0.711911235, "before": {"io": {"rchar": 21687433, "wchar": 0, "syscr": 559, "syscw": 0, "read_bytes": 0, "write_bytes": 0, "cancelled_write_bytes": 0}, "status": {"VmSize": "156408 kB", "VmHWM": "57580 kB", "VmRSS": "46448 kB", "Threads": "1"}, "user_cpu_s": 0.093596, "system_cpu_s": 0.109527, "max_rss_kib": 57580, "minor_faults": 10842, "major_faults": 0}, "after": {"io": {"rchar": 46986502, "wchar": 0, "syscr": 597, "syscw": 0, "read_bytes": 0, "write_bytes": 0, "cancelled_write_bytes": 0}, "status": {"VmSize": "187968 kB", "VmHWM": "86148 kB", "VmRSS": "86148 kB", "Threads": "1"}, "user_cpu_s": 0.76354, "system_cpu_s": 0.15176499999999998, "max_rss_kib": 86052, "minor_faults": 18854, "major_faults": 0}, "delta": {"io": {"rchar": 25299069, "wchar": 0, "syscr": 38, "syscw": 0, "read_bytes": 0, "write_bytes": 0, "cancelled_write_bytes": 0}, "minor_faults": 8012, "major_faults": 0, "user_cpu_s": 0.669944, "system_cpu_s": 0.042237999999999984}}
assets 13104605
